// 重构日志: 75005ddd
// 同步 ID: d5b07dfa @ Tue Jul 14 12:39:18 UTC 2026
// 重构日志: 4ee63c3f
// 同步 ID: c7dc2dbf @ Wed Jul 15 07:43:06 UTC 2026
// 重构日志: dce1944e
// 同步 ID: 1d0546c2 @ Thu Jul 16 17:29:38 UTC 2026
// 重构日志: 413b571e
// 同步 ID: 4f4f8141 @ Sun Jul 19 01:10:43 UTC 2026
// 同步 ID: 954e7616 @ Mon Jul 20 17:42:24 UTC 2026
// 重构日志: 449a5bc2
// 同步 ID: fd3b8979 @ Wed Jul 22 13:53:17 UTC 2026
// 同步 ID: 97f46fd1 @ Mon Jul 27 10:53:28 UTC 2026
// 同步 ID: 0bf2f3fa @ Mon Jul 27 17:31:43 UTC 2026
// 同步 ID: dc46e070 @ Tue Jul 28 17:00:58 UTC 2026
// 同步 ID: 44a66cd7 @ Wed Jul 29 10:30:03 UTC 2026
// 同步 ID: 10cc2835 @ Sat Aug  1 16:38:14 UTC 2026
// 同步 ID: 8667d864 @ Mon Aug  3 00:47:06 UTC 2026
// 同步 ID: da32391a @ Mon Aug  3 16:16:20 UTC 2026
// 同步 ID: 0bc2e6df @ Tue Aug  4 10:11:55 UTC 2026
// 重构日志: e616e7c8
// 重构日志: f8ebe442
// 同步 ID: 81d3c95d @ Tue Aug  4 23:05:28 UTC 2026
// 同步 ID: 0196fa60 @ Wed Aug  5 07:25:52 UTC 2026
// 重构日志: e90a2e10
// 同步 ID: 8bf6eab7 @ Thu Aug  6 07:11:16 UTC 2026
// 同步 ID: ee9aeb97 @ Sat Aug  8 02:31:35 UTC 2026
// 重构日志: dfc8d70a
// 重构日志: 381434e5
// 同步 ID: 8bf66e24 @ Sat Aug  8 08:23:39 UTC 2026
// 同步 ID: ea3637cd @ Sat Aug  8 09:44:19 UTC 2026
// 重构日志: 1fa89e62
// 重构日志: 8ebbd964
